------------------------------------------------------------
Timing Analyzer Summary
------------------------------------------------------------

Type  : Slow 1200mV 85C Model Setup 'clock'
Slack : -0.690
TNS   : -0.690

Type  : Slow 1200mV 85C Model Setup 'T_Flip_Flop:inst|Q'
Slack : -0.630
TNS   : -0.630

Type  : Slow 1200mV 85C Model Setup 'T_Flip_Flop:inst1|Q'
Slack : -0.501
TNS   : -0.501

Type  : Slow 1200mV 85C Model Setup 'T_Flip_Flop:inst2|Q'
Slack : 0.298
TNS   : 0.000

Type  : Slow 1200mV 85C Model Hold 'T_Flip_Flop:inst2|Q'
Slack : 0.393
TNS   : 0.000

Type  : Slow 1200mV 85C Model Hold 'T_Flip_Flop:inst1|Q'
Slack : 0.498
TNS   : 0.000

Type  : Slow 1200mV 85C Model Hold 'clock'
Slack : 0.612
TNS   : 0.000

Type  : Slow 1200mV 85C Model Hold 'T_Flip_Flop:inst|Q'
Slack : 0.634
TNS   : 0.000

Type  : Slow 1200mV 85C Model Minimum Pulse Width 'clock'
Slack : -3.000
TNS   : -4.403

Type  : Slow 1200mV 85C Model Minimum Pulse Width 'T_Flip_Flop:inst1|Q'
Slack : -1.403
TNS   : -1.403

Type  : Slow 1200mV 85C Model Minimum Pulse Width 'T_Flip_Flop:inst2|Q'
Slack : -1.403
TNS   : -1.403

Type  : Slow 1200mV 85C Model Minimum Pulse Width 'T_Flip_Flop:inst|Q'
Slack : -1.403
TNS   : -1.403

Type  : Slow 1200mV 0C Model Setup 'T_Flip_Flop:inst|Q'
Slack : -0.543
TNS   : -0.543

Type  : Slow 1200mV 0C Model Setup 'clock'
Slack : -0.513
TNS   : -0.513

Type  : Slow 1200mV 0C Model Setup 'T_Flip_Flop:inst1|Q'
Slack : -0.416
TNS   : -0.416

Type  : Slow 1200mV 0C Model Setup 'T_Flip_Flop:inst2|Q'
Slack : 0.362
TNS   : 0.000

Type  : Slow 1200mV 0C Model Hold 'T_Flip_Flop:inst2|Q'
Slack : 0.355
TNS   : 0.000

Type  : Slow 1200mV 0C Model Hold 'T_Flip_Flop:inst1|Q'
Slack : 0.446
TNS   : 0.000

Type  : Slow 1200mV 0C Model Hold 'clock'
Slack : 0.473
TNS   : 0.000

Type  : Slow 1200mV 0C Model Hold 'T_Flip_Flop:inst|Q'
Slack : 0.582
TNS   : 0.000

Type  : Slow 1200mV 0C Model Minimum Pulse Width 'clock'
Slack : -3.000
TNS   : -4.403

Type  : Slow 1200mV 0C Model Minimum Pulse Width 'T_Flip_Flop:inst1|Q'
Slack : -1.403
TNS   : -1.403

Type  : Slow 1200mV 0C Model Minimum Pulse Width 'T_Flip_Flop:inst2|Q'
Slack : -1.403
TNS   : -1.403

Type  : Slow 1200mV 0C Model Minimum Pulse Width 'T_Flip_Flop:inst|Q'
Slack : -1.403
TNS   : -1.403

Type  : Fast 1200mV 0C Model Setup 'clock'
Slack : -0.117
TNS   : -0.117

Type  : Fast 1200mV 0C Model Setup 'T_Flip_Flop:inst|Q'
Slack : 0.071
TNS   : 0.000

Type  : Fast 1200mV 0C Model Setup 'T_Flip_Flop:inst1|Q'
Slack : 0.123
TNS   : 0.000

Type  : Fast 1200mV 0C Model Setup 'T_Flip_Flop:inst2|Q'
Slack : 0.694
TNS   : 0.000

Type  : Fast 1200mV 0C Model Hold 'T_Flip_Flop:inst2|Q'
Slack : 0.170
TNS   : 0.000

Type  : Fast 1200mV 0C Model Hold 'T_Flip_Flop:inst1|Q'
Slack : 0.174
TNS   : 0.000

Type  : Fast 1200mV 0C Model Hold 'T_Flip_Flop:inst|Q'
Slack : 0.228
TNS   : 0.000

Type  : Fast 1200mV 0C Model Hold 'clock'
Slack : 0.367
TNS   : 0.000

Type  : Fast 1200mV 0C Model Minimum Pulse Width 'clock'
Slack : -3.000
TNS   : -4.062

Type  : Fast 1200mV 0C Model Minimum Pulse Width 'T_Flip_Flop:inst1|Q'
Slack : -1.000
TNS   : -1.000

Type  : Fast 1200mV 0C Model Minimum Pulse Width 'T_Flip_Flop:inst2|Q'
Slack : -1.000
TNS   : -1.000

Type  : Fast 1200mV 0C Model Minimum Pulse Width 'T_Flip_Flop:inst|Q'
Slack : -1.000
TNS   : -1.000

------------------------------------------------------------
